// Jest Snapshot v1, https://goo.gl/fbAQLP

exports[`Test the Header Component Snapshot of Header 1`] = `
<div>
  <div
    class="header_bar"
  >
    <div
      class="container"
    >
      <div
        class="header"
      >
        <div
          class="header__logo"
        >
          <img
            alt="D&D Logo"
            src="DnD-Logo.png"
          />
        </div>
        <div
          class="header__right"
        >
          <ul
            class="header__menu"
          >
            <li>
              <a
                href="/"
              >
                Home
              </a>
            </li>
            <li>
              <a
                href="/favourites"
              >
                Favourites
              </a>
            </li>
          </ul>
        </div>
      </div>
    </div>
  </div>
</div>
`;
